;;; 
Export: Release 21.0.0.0.0 - Production on Sat Jan 24 16:55:51 2026
Version 21.3.0.0.0

Copyright (c) 1982, 2021, Oracle and/or its affiliates.  All rights reserved.
;;; 
Connected to: Oracle Database 21c Express Edition Release 21.0.0.0.0 - Production
Starting "PHARMACY"."SYS_EXPORT_SCHEMA_01":  PHARMACY/********@localhost:1521/XEPDB1 schemas=PHARMACY dumpfile=pharmacy_final.dmp directory=MY_BACKUP_DIR logfile=export_log.log 
Processing object type SCHEMA_EXPORT/TABLE/TABLE_DATA
Processing object type SCHEMA_EXPORT/TABLE/INDEX/STATISTICS/INDEX_STATISTICS
Processing object type SCHEMA_EXPORT/TABLE/STATISTICS/TABLE_STATISTICS
Processing object type SCHEMA_EXPORT/STATISTICS/MARKER
Processing object type SCHEMA_EXPORT/PRE_SCHEMA/PROCACT_SCHEMA
Processing object type SCHEMA_EXPORT/SEQUENCE/SEQUENCE
Processing object type SCHEMA_EXPORT/TABLE/TABLE
Processing object type SCHEMA_EXPORT/TABLE/COMMENT
Processing object type SCHEMA_EXPORT/TABLE/INDEX/INDEX
Processing object type SCHEMA_EXPORT/TABLE/CONSTRAINT/CONSTRAINT
Processing object type SCHEMA_EXPORT/TABLE/CONSTRAINT/REF_CONSTRAINT
Processing object type SCHEMA_EXPORT/TABLE/TRIGGER
. . exported "PHARMACY"."MEDICINE"                       8.085 KB      20 rows
. . exported "PHARMACY"."PRESCRIPTION"                   7.781 KB      18 rows
. . exported "PHARMACY"."INCLUDE"                        7.187 KB      31 rows
. . exported "PHARMACY"."DOCTOR"                             7 KB      25 rows
. . exported "PHARMACY"."SALESPERSON"                    6.507 KB       4 rows
. . exported "PHARMACY"."PATIENT"                        6.484 KB       3 rows
. . exported "PHARMACY"."SHELF"                          6.585 KB     100 rows
. . exported "PHARMACY"."PHARMACY"                       6.046 KB       3 rows
. . exported "PHARMACY"."CATEGORY"                       5.757 KB      10 rows
Master table "PHARMACY"."SYS_EXPORT_SCHEMA_01" successfully loaded/unloaded
******************************************************************************
Dump file set for PHARMACY.SYS_EXPORT_SCHEMA_01 is:
  C:\DB_EXPORT\PHARMACY_FINAL.DMP
Job "PHARMACY"."SYS_EXPORT_SCHEMA_01" successfully completed at Sat Jan 24 16:57:39 2026 elapsed 0 00:01:44
